main.cpp:99:5:int main()	16	static
main.cpp:148:6:void TimHandler()	32	static
main.cpp:200:6:void SystemClock_Config()	88	static
main.cpp:243:13:void MX_DAC_Init()	16	static
main.cpp:279:13:void MX_GPIO_Init()	40	static
main.cpp:310:13:void MX_TIM1_Init()	48	static
main.cpp:364:13:void MX_ADC1_Init()	24	static
main.cpp:423:6:void Error_Handler()	4	static
Integrator.h:42:2:Integrator<T, max>::Integrator() [with T = int; unsigned int max = 100]	16	static
SimGen.hpp:20:2:SimGen<T>::SimGen(float) [with T = float]	16	static
Integrator.h:228:11:uint16_t Integrator<T, max>::PeriodStepCalcQ(T, T) [with T = int; unsigned int max = 100]	64	static
Integrator.h:92:4:T Integrator<T, max>::IntegStepC(T, T, T, uint16_t) [with T = int; unsigned int max = 100]	48	static
Integrator.h:157:4:T Integrator<T, max>::MeanStepDel(T, uint16_t) [with T = int; unsigned int max = 100]	32	static
RingBuf.h:11:1:RingBuf<Type, MaxElements>::RingBuf() [with Type = int; unsigned int MaxElements = 100]	16	static
RingBuf.h:11:1:RingBuf<Type, MaxElements>::RingBuf() [with Type = int; unsigned int MaxElements = 10]	16	static
RingBuf.h:31:6:bool RingBuf<Type, MaxElements>::add(const Type&, bool) [with Type = int; unsigned int MaxElements = 100]	32	static
RingBuf.h:78:7:Type* RingBuf<Type, MaxElements>::peek(size_t) [with Type = int; unsigned int MaxElements = 100]	24	static
RingBuf.h:96:6:bool RingBuf<Type, MaxElements>::isFull() const [with Type = int; unsigned int MaxElements = 100]	24	static
RingBuf.h:148:8:size_t RingBuf<Type, MaxElements>::getTail() const [with Type = int; unsigned int MaxElements = 100]	16	static
main.cpp:431:1:void __static_initialization_and_destruction_0(int, int)	16	static
Integrator.h:59:10:Integrator<T, max>::~Integrator() [with T = int; unsigned int max = 100]	16	static
Integrator.h:59:10:Integrator<T, max>::~Integrator() [with T = int; unsigned int max = 100]	16	static
main.cpp:431:1:cpp)	8	static
main.cpp:431:1:cpp)	8	static
